[backblue.gif]
[fade.gif]
[index.html]
[cardealer.webtemplatemasters.com/feed/index.html]
[cardealer.webtemplatemasters.com/comments/feed/index.html]
[cardealer.webtemplatemasters.com/home/feed/index.html]
[10.150.35.18_80/cardealer.webtemplatemasters.com/wp-includes/js/jquery/jqueryb8ff.js]
[10.150.35.18_80/cardealer.webtemplatemasters.com/wp-includes/js/jquery/jquery-migrate.min330a.js]
[10.150.35.18_80/cardealer.webtemplatemasters.com/wp-content/themes/cardealer/js/jquery.modernizr.min37cb.js]
[10.150.35.18_80/cardealer.webtemplatemasters.com/wp-content/plugins/LayerSlider/static/layerslider/js/greensockb3a6.js]
[10.150.35.18_80/cardealer.webtemplatemasters.com/wp-content/plugins/LayerSlider/static/layerslider/js/layerslider.kreaturamedia.jquery9704.js]
[10.150.35.18_80/cardealer.webtemplatemasters.com/wp-content/plugins/LayerSlider/static/layerslider/js/layerslider.transitions9704.js]
[cardealer.webtemplatemasters.com/xmlrpc0db0.php]
[cardealer.webtemplatemasters.com/wp-json/index.html]
[cardealer.webtemplatemasters.com/wp-includes/wlwmanifest.xml]
[cardealer.webtemplatemasters.com/wp-json/oembed/1.0/embed6b55.json]
[cardealer.webtemplatemasters.com/wp-json/oembed/1.0/embed400d]
[10.150.35.18_80/cardealer.webtemplatemasters.com/wp-content/uploads/2014/09/logo.png]
[10.150.35.18_80/cardealer.webtemplatemasters.com/wp-content/uploads/2014/09/banner-728x90.gif]
[10.150.35.18_80/cardealer.webtemplatemasters.com/wp-content/uploads/thememakers/cardealer/2/165/homeslide/5458406d09a8f.jpg]
[10.150.35.18_80/cardealer.webtemplatemasters.com/wp-content/uploads/thememakers/cardealer/2/169/homeslide/5458459953eec.jpg]
[10.150.35.18_80/cardealer.webtemplatemasters.com/wp-content/uploads/thememakers/cardealer/2/184/homeslide/54584487e30d2.jpg]
[10.150.35.18_80/cardealer.webtemplatemasters.com/wp-content/uploads/thememakers/cardealer/2/431/homeslide/545843e171597.jpg]
[10.150.35.18_80/cardealer.webtemplatemasters.com/wp-content/uploads/thememakers/cardealer/2/431/thumb/545843e171597.jpg]
[10.150.35.18_80/cardealer.webtemplatemasters.com/wp-content/uploads/thememakers/cardealer/2/184/thumb/54584487e30d2.jpg]
[10.150.35.18_80/cardealer.webtemplatemasters.com/wp-content/uploads/thememakers/cardealer/2/184/thumb/5378d376d24ee.jpg]
[10.150.35.18_80/cardealer.webtemplatemasters.com/wp-content/uploads/thememakers/cardealer/2/184/thumb/5378d390beec9.jpg]
[10.150.35.18_80/cardealer.webtemplatemasters.com/wp-content/uploads/thememakers/cardealer/2/184/thumb/5378d3a9673bf.jpg]
[10.150.35.18_80/cardealer.webtemplatemasters.com/wp-content/uploads/thememakers/cardealer/2/169/thumb/5458459953eec.jpg]
[10.150.35.18_80/cardealer.webtemplatemasters.com/wp-content/uploads/thememakers/cardealer/2/169/thumb/5373656b61d97.jpg]
[10.150.35.18_80/cardealer.webtemplatemasters.com/wp-content/uploads/thememakers/cardealer/2/169/thumb/5373658327b80.jpg]
[10.150.35.18_80/cardealer.webtemplatemasters.com/wp-content/uploads/thememakers/cardealer/2/169/thumb/5373659cf2b02.jpg]
[10.150.35.18_80/cardealer.webtemplatemasters.com/wp-content/uploads/thememakers/cardealer/2/165/thumb/5458406d09a8f.jpg]
[10.150.35.18_80/cardealer.webtemplatemasters.com/wp-content/uploads/thememakers/cardealer/2/165/thumb/5372a9d5d6cee.jpg]
[10.150.35.18_80/cardealer.webtemplatemasters.com/wp-content/uploads/thememakers/cardealer/2/165/thumb/5372a9eda977c.jpg]
[10.150.35.18_80/cardealer.webtemplatemasters.com/wp-content/uploads/thememakers/cardealer/2/154/thumb/53663bcca8f67.jpg]
[10.150.35.18_80/cardealer.webtemplatemasters.com/wp-content/uploads/thememakers/cardealer/2/179/thumb/54584bd1a08aa.jpg]
[10.150.35.18_80/cardealer.webtemplatemasters.com/wp-content/uploads/thememakers/cardealer/2/214/thumb/54584db3bb866.jpg]
[10.150.35.18_80/cardealer.webtemplatemasters.com/wp-content/uploads/thememakers/cardealer/2/182/thumb/54584f28d5054.jpg]
[10.150.35.18_80/cardealer.webtemplatemasters.com/wp-content/uploads/thememakers/cardealer/2/155/thumb/54584fb337b43.jpg]
[10.150.35.18_80/cardealer.webtemplatemasters.com/wp-content/uploads/thememakers/cardealer/2/180/thumb/545850b9c24e9.jpg]
[10.150.35.18_80/cardealer.webtemplatemasters.com/wp-content/uploads/thememakers/cardealer/2/181/thumb/54585119c30e1.jpg]
[10.150.35.18_80/cardealer.webtemplatemasters.com/wp-content/uploads/thememakers/cardealer/2/183/thumb/545851752dca0.jpg]
[10.150.35.18_80/cardealer.webtemplatemasters.com/wp-content/uploads/2014/04/05-80x70.jpg]
[10.150.35.18_80/cardealer.webtemplatemasters.com/wp-content/uploads/2014/04/03-80x70.jpg]
[10.150.35.18_80/cardealer.webtemplatemasters.com/wp-content/uploads/2014/04/06-80x70.jpg]
[10.150.35.18_80/cardealer.webtemplatemasters.com/wp-content/uploads/thememakers/cardealer/2/162/single_thumb_widget/5372a167f0386.jpg]
[10.150.35.18_80/cardealer.webtemplatemasters.com/wp-content/uploads/thememakers/cardealer/2/215/single_thumb_widget/539a4bd2acb96.jpg]
[10.150.35.18_80/cardealer.webtemplatemasters.com/wp-content/uploads/thememakers/cardealer/2/185/single_thumb_widget/5378d4c622da6.jpg]
[10.150.35.18_80/cardealer.webtemplatemasters.com/wp-content/uploads/thememakers/cardealer/1/logo/logo.png]
[10.150.35.18_80/cardealer.webtemplatemasters.com/wp-content/themes/cardealer/js/vendor-min37cb.js]
[10.150.35.18_80/cardealer.webtemplatemasters.com/wp-content/plugins/tmm_content_composer/js/min/front.min37cb.js]
[10.150.35.18_80/cardealer.webtemplatemasters.com/wp-content/plugins/woocommerce/assets/js/jquery-blockui/jquery.blockUI.min44fd.js]
[10.150.35.18_80/cardealer.webtemplatemasters.com/wp-content/plugins/woocommerce/assets/js/js-cookie/js.cookie.min6b25.js]
[10.150.35.18_80/cardealer.webtemplatemasters.com/wp-content/plugins/woocommerce/assets/js/frontend/woocommerce.min6b00.js]
[10.150.35.18_80/cardealer.webtemplatemasters.com/wp-content/plugins/woocommerce/assets/js/frontend/cart-fragments.min6b00.js]
[10.150.35.18_80/cardealer.webtemplatemasters.com/wp-content/themes/cardealer/woocommerce/assets/js/frontend/add-to-cart37cb.js]
[10.150.35.18_80/cardealer.webtemplatemasters.com/wp-includes/js/wp-embed.min37cb.js]
[10.150.35.18_80/cardealer.webtemplatemasters.com/wp-content/themes/cardealer/extensions/cardealer/js/jquery.flexslider-min37cb.js]
[cardealer.webtemplatemasters.com/index.html]
[cardealer.webtemplatemasters.com/xmlrpc.php]
[10.150.35.18_80/cardealer.webtemplatemasters.com/wp-content/themes/cardealer/images/preloader.gif]
[10.150.35.18_80/cardealer.webtemplatemasters.com/wp-content/themes/cardealer/images/icons/flags.png]
[10.150.35.18_80/cardealer.webtemplatemasters.com/wp-content/themes/cardealer/images/loading.gif]
[10.150.35.18_80/cardealer.webtemplatemasters.com/wp-content/themes/cardealer/images/select.png]
[10.150.35.18_80/cardealer.webtemplatemasters.com/wp-content/themes/cardealer/images/progressbar.gif]
[10.150.35.18_80/cardealer.webtemplatemasters.com/wp-content/themes/cardealer/images/fancybox/fancybox_sprite.png]
[10.150.35.18_80/cardealer.webtemplatemasters.com/wp-content/themes/cardealer/images/fancybox/fancybox_loading.gif]
[10.150.35.18_80/cardealer.webtemplatemasters.com/wp-content/themes/cardealer/images/fancybox/blank.gif]
[10.150.35.18_80/cardealer.webtemplatemasters.com/wp-content/themes/cardealer/images/fancybox/fancybox_overlay.png]
[10.150.35.18_80/cardealer.webtemplatemasters.com/wp-content/themes/cardealer/images/fancybox/fancybox_sprite@2x.png]
[10.150.35.18_80/cardealer.webtemplatemasters.com/wp-content/themes/cardealer/images/fancybox/fancybox_loading@2x.gif]
[10.150.35.18_80/cardealer.webtemplatemasters.com/wp-content/themes/cardealer/fonts/fontello690a.woff]
[10.150.35.18_80/cardealer.webtemplatemasters.com/wp-content/themes/cardealer/fonts/fontello690a.ttf]
[10.150.35.18_80/cardealer.webtemplatemasters.com/wp-content/themes/cardealer/css/style37cb.css]
[10.150.35.18_80/cardealer.webtemplatemasters.com/wp-content/themes/cardealer/css/custom137cb.css]
[10.150.35.18_80/cardealer.webtemplatemasters.com/wp-content/plugins/tmm_content_composer/css/style-lc37cb.css]
[10.150.35.18_80/cardealer.webtemplatemasters.com/wp-content/plugins/LayerSlider/static/layerslider/css/layerslider9704.css]
[10.150.35.18_80/cardealer.webtemplatemasters.com/wp-content/themes/cardealer/woocommerce/assets/fonts/star.woff]
[10.150.35.18_80/cardealer.webtemplatemasters.com/wp-content/themes/cardealer/woocommerce/assets/fonts/star.ttf]
[10.150.35.18_80/cardealer.webtemplatemasters.com/wp-content/themes/cardealer/woocommerce/assets/fonts/WooCommerce.woff]
[10.150.35.18_80/cardealer.webtemplatemasters.com/wp-content/themes/cardealer/woocommerce/assets/fonts/WooCommerce.ttf]
[10.150.35.18_80/cardealer.webtemplatemasters.com/wp-content/themes/cardealer/woocommerce/assets/images/icons/credit-cards/visa.png]
[10.150.35.18_80/cardealer.webtemplatemasters.com/wp-content/themes/cardealer/woocommerce/assets/images/icons/credit-cards/mastercard.png]
[10.150.35.18_80/cardealer.webtemplatemasters.com/wp-content/themes/cardealer/woocommerce/assets/images/icons/credit-cards/laser.png]
[10.150.35.18_80/cardealer.webtemplatemasters.com/wp-content/themes/cardealer/woocommerce/assets/images/icons/credit-cards/diners.png]
[10.150.35.18_80/cardealer.webtemplatemasters.com/wp-content/themes/cardealer/woocommerce/assets/images/icons/credit-cards/maestro.png]
[10.150.35.18_80/cardealer.webtemplatemasters.com/wp-content/themes/cardealer/woocommerce/assets/images/icons/credit-cards/jcb.png]
[10.150.35.18_80/cardealer.webtemplatemasters.com/wp-content/themes/cardealer/woocommerce/assets/images/icons/credit-cards/amex.png]
[10.150.35.18_80/cardealer.webtemplatemasters.com/wp-content/themes/cardealer/woocommerce/assets/images/icons/credit-cards/discover.png]
[10.150.35.18_80/cardealer.webtemplatemasters.com/wp-content/themes/cardealer/css/woo/woocommerce37cb.css]
[cardealer.webtemplatemasters.com/user-login/feed/index.html]
[cardealer.webtemplatemasters.com/wp-json/oembed/1.0/embedf7f2.json]
[cardealer.webtemplatemasters.com/wp-json/oembed/1.0/embedf4aa]
[10.150.35.18_80/cardealer.webtemplatemasters.com/wp-content/uploads/2015/11/page-header-bg.jpg]
[cardealer.webtemplatemasters.com/user-login/lost-password/index.html]
[10.150.35.18_80/cardealer.webtemplatemasters.com/wp-includes/js/zxcvbn-async.min5152.js]
[cardealer.webtemplatemasters.com/wp-json/oembed/1.0/embedf74c.json]
[cardealer.webtemplatemasters.com/wp-json/oembed/1.0/embed55aa]
[10.150.35.18_80/cardealer.webtemplatemasters.com/wp-content/plugins/woocommerce/assets/js/frontend/country-select.min6b00.js]
[10.150.35.18_80/cardealer.webtemplatemasters.com/wp-content/plugins/woocommerce/assets/js/frontend/address-i18n.min6b00.js]
[10.150.35.18_80/cardealer.webtemplatemasters.com/wp-content/plugins/woocommerce/assets/js/frontend/cart.min6b00.js]
[10.150.35.18_80/cardealer.webtemplatemasters.com/wp-content/plugins/woocommerce/assets/js/selectWoo/selectWoo.full.min4b68.js]
[10.150.35.18_80/cardealer.webtemplatemasters.com/wp-admin/js/password-strength-meter.min37cb.js]
[10.150.35.18_80/cardealer.webtemplatemasters.com/wp-content/plugins/woocommerce/assets/js/frontend/password-strength-meter.min6b00.js]
[cardealer.webtemplatemasters.com/shop/cart-page/index.html]
[cardealer.webtemplatemasters.com/wp-json/oembed/1.0/embeded9f.json]
[cardealer.webtemplatemasters.com/wp-json/oembed/1.0/embede5df]
[10.150.35.18_80/cardealer.webtemplatemasters.com/wp-content/uploads/2015/11/slide-1.jpg]
[10.150.35.18_80/cardealer.webtemplatemasters.com/wp-content/uploads/2015/11/slide-2.jpg]
[10.150.35.18_80/cardealer.webtemplatemasters.com/wp-content/uploads/2015/11/pic-1-350x215.jpg]
[10.150.35.18_80/cardealer.webtemplatemasters.com/wp-content/uploads/2015/11/pic-2-350x215.jpg]
[10.150.35.18_80/cardealer.webtemplatemasters.com/wp-content/uploads/2015/11/pic-3-350x215.jpg]
[10.150.35.18_80/cardealer.webtemplatemasters.com/wp-content/uploads/2015/11/parallax-bg-2.jpg]
[10.150.35.18_80/cardealer.webtemplatemasters.com/wp-content/uploads/2014/04/08-460x290.jpg]
[10.150.35.18_80/cardealer.webtemplatemasters.com/wp-content/uploads/2014/04/09-460x290.jpg]
[10.150.35.18_80/cardealer.webtemplatemasters.com/wp-content/uploads/2014/04/10-460x290.jpg]
[10.150.35.18_80/cardealer.webtemplatemasters.com/wp-content/uploads/2014/04/13-460x290.jpg]
[10.150.35.18_80/cardealer.webtemplatemasters.com/wp-content/uploads/2014/04/05-460x290.jpg]
[10.150.35.18_80/cardealer.webtemplatemasters.com/wp-content/uploads/2014/04/07-460x290.jpg]
[10.150.35.18_80/cardealer.webtemplatemasters.com/wp-content/uploads/2014/04/03-460x290.jpg]
[10.150.35.18_80/cardealer.webtemplatemasters.com/wp-content/uploads/2014/04/01-460x290.jpg]
[10.150.35.18_80/cardealer.webtemplatemasters.com/wp-content/uploads/2014/04/11-460x290.jpg]
[10.150.35.18_80/cardealer.webtemplatemasters.com/wp-content/uploads/2014/04/06-460x290.jpg]
[10.150.35.18_80/cardealer.webtemplatemasters.com/wp-content/uploads/2014/04/04-460x290.jpg]
[10.150.35.18_80/cardealer.webtemplatemasters.com/wp-content/uploads/thememakers/cardealer/2/172/thumb/5373bc1e28287.jpg]
[10.150.35.18_80/cardealer.webtemplatemasters.com/wp-content/uploads/thememakers/cardealer/2/176/thumb/53779232e2b20.jpg]
[10.150.35.18_80/cardealer.webtemplatemasters.com/wp-content/uploads/thememakers/cardealer/2/177/thumb/5377985a26b2c.jpg]
[10.150.35.18_80/cardealer.webtemplatemasters.com/wp-content/uploads/thememakers/cardealer/2/167/thumb/5372b7126ad39.jpg]
[10.150.35.18_80/cardealer.webtemplatemasters.com/wp-content/uploads/thememakers/cardealer/2/173/thumb/53778b567b914.jpg]
[10.150.35.18_80/cardealer.webtemplatemasters.com/wp-content/uploads/2015/11/banner.jpg]
[10.150.35.18_80/cardealer.webtemplatemasters.com/wp-content/uploads/2015/11/banner-logo.png]
[10.150.35.18_80/cardealer.webtemplatemasters.com/wp-content/themes/cardealer/js/jquery.sudoSlider.min37cb.js]
[cardealer.webtemplatemasters.com/home/home-layerslider/index.html]
[cardealer.webtemplatemasters.com/wp-json/oembed/1.0/embed428d.json]
[cardealer.webtemplatemasters.com/home/home-alternate-1/feed/index.html]
[cardealer.webtemplatemasters.com/wp-json/oembed/1.0/embed814c]
[10.150.35.18_80/cardealer.webtemplatemasters.com/wp-content/uploads/2015/11/parallax-bg-1.jpg]
[cardealer.webtemplatemasters.com/home/home-alternate-1/index.html]
[cardealer.webtemplatemasters.com/wp-json/oembed/1.0/embed628d.json]
[cardealer.webtemplatemasters.com/home/home-alternate-2/feed/index.html]
[cardealer.webtemplatemasters.com/wp-json/oembed/1.0/embedb1e9]
[cardealer.webtemplatemasters.com/home/home-alternate-2/index.html]
[cardealer.webtemplatemasters.com/wp-json/oembed/1.0/embedecc0.json]
[cardealer.webtemplatemasters.com/home/home-alternate-3/feed/index.html]
[cardealer.webtemplatemasters.com/wp-json/oembed/1.0/embed1cf9]
[cardealer.webtemplatemasters.com/home/home-alternate-3/index.html]
[cardealer.webtemplatemasters.com/inventory/feed/index.html]
[cardealer.webtemplatemasters.com/wp-json/oembed/1.0/embed0fdd.json]
[cardealer.webtemplatemasters.com/wp-json/oembed/1.0/embedfc30]
[cardealer.webtemplatemasters.com/inventory/index.html]
[cardealer.webtemplatemasters.com/wp-json/oembed/1.0/embed58c2.json]
[cardealer.webtemplatemasters.com/wp-json/oembed/1.0/embede3e0]
[cardealer.webtemplatemasters.com/inventory/inventory-alternate-1/feed/index.html]
[cardealer.webtemplatemasters.com/inventory/inventory-alternate-1/index.html]
[cardealer.webtemplatemasters.com/wp-json/oembed/1.0/embed6a46.json]
[cardealer.webtemplatemasters.com/inventory/inventory-alternate-2/feed/index.html]
[cardealer.webtemplatemasters.com/wp-json/oembed/1.0/embed39b1]
[cardealer.webtemplatemasters.com/inventory/inventory-alternate-2/index.html]
[cardealer.webtemplatemasters.com/wp-json/oembed/1.0/embed9070.json]
[cardealer.webtemplatemasters.com/inventory/cars-by-make-location/feed/index.html]
[cardealer.webtemplatemasters.com/wp-json/oembed/1.0/embed7c3f]
[cardealer.webtemplatemasters.com/inventory/cars-by-make-location/index.html]
[cardealer.webtemplatemasters.com/inventory/cars-by-make-body/index.html]
[cardealer.webtemplatemasters.com/blog/index.html]
[cardealer.webtemplatemasters.com/blog-alternate/index.html]
[cardealer.webtemplatemasters.com/lincoln-mkx-concept-bows-in-beijing/index.html]
[cardealer.webtemplatemasters.com/column-layout/index.html]
[cardealer.webtemplatemasters.com/column-layout/services/index.html]
[cardealer.webtemplatemasters.com/compare-listing/index.html]
[cardealer.webtemplatemasters.com/dealer-page/dealer_id/2/index.html]
[cardealer.webtemplatemasters.com/faq-toggle/index.html]
[cardealer.webtemplatemasters.com/images-and-floats/index.html]
[cardealer.webtemplatemasters.com/sales-reps/index.html]
[cardealer.webtemplatemasters.com/personal-profile/index.html]
[cardealer.webtemplatemasters.com/dealers-cars-garage/index.html]
[cardealer.webtemplatemasters.com/edit-car/index.html]
[cardealer.webtemplatemasters.com/watch-list-page/index.html]
[cardealer.webtemplatemasters.com/pricing-plans/index.html]
[cardealer.webtemplatemasters.com/pricing-plans-screen/index.html]
[cardealer.webtemplatemasters.com/user-login/index.html]
[cardealer.webtemplatemasters.com/typography/index.html]
[cardealer.webtemplatemasters.com/shortcodes/index.html]
[cardealer.webtemplatemasters.com/pages/404-page/index.html]
[cardealer.webtemplatemasters.com/sell/index.html]
[cardealer.webtemplatemasters.com/submit-ad/index.html]
[cardealer.webtemplatemasters.com/submit-ad-step2/index.html]
[cardealer.webtemplatemasters.com/submit-ad-step3/index.html]
[cardealer.webtemplatemasters.com/submit-ad-step4/index.html]
[cardealer.webtemplatemasters.com/wp-content/uploads/2015/09/chrome-double-exhaust-pipe-258x163.228.delayed]
[cardealer.webtemplatemasters.com/wp-content/uploads/2015/09/car-luxury-audio-system-258x163.jpg]
[cardealer.webtemplatemasters.com/wp-content/uploads/2015/09/steering-wheel-258x163.jpg]
[cardealer.webtemplatemasters.com/wp-content/uploads/2015/09/wheel-rim-in-grey-back-258x163.jpg]
[cardealer.webtemplatemasters.com/wp-includes/js/jquery/ui/core.mine899.js]
[cardealer.webtemplatemasters.com/wp-includes/js/jquery/ui/widget.mine899.js]
[cardealer.webtemplatemasters.com/wp-includes/js/jquery/ui/mouse.mine899.js]
[cardealer.webtemplatemasters.com/wp-includes/js/jquery/ui/slider.mine899.js]
[cardealer.webtemplatemasters.com/wp-content/plugins/woocommerce/assets/js/jquery-ui-touch-punch/jquery-ui-touch-punch.min6b00.js]
[cardealer.webtemplatemasters.com/wp-content/plugins/woocommerce/assets/js/accounting/accounting.minaffb.js]
[cardealer.webtemplatemasters.com/wp-content/plugins/woocommerce/assets/js/frontend/price-slider.min6b00.js]
[cardealer.webtemplatemasters.com/shop/index.html]
[cardealer.webtemplatemasters.com/wp-json/oembed/1.0/embed857b.json]
[cardealer.webtemplatemasters.com/wp-json/oembed/1.0/embedf88d]
[cardealer.webtemplatemasters.com/wp-content/themes/cardealer/helper/capcha/image6061.png]
[cardealer.webtemplatemasters.com/contacts/index.html]
[cardealer.webtemplatemasters.com/contacts/feed/index.html]
[cardealer.webtemplatemasters.com/wp-json/oembed/1.0/embed3bde.json]
[cardealer.webtemplatemasters.com/car/bmw-i8-2013/feed/index.html]
[cardealer.webtemplatemasters.com/wp-json/oembed/1.0/embedd477]
[cardealer.webtemplatemasters.com/wp-content/uploads/thememakers/cardealer/2/165/main/5372a9d5d6cee.jpg]
[cardealer.webtemplatemasters.com/wp-content/uploads/thememakers/cardealer/2/165/main/5372a9eda977c.jpg]
[cardealer.webtemplatemasters.com/wp-content/uploads/thememakers/cardealer/2/165/main/5458406d09a8f.jpg]
[i.vimeocdn.com/video/449164980_200x150.jpg]
[cardealer.webtemplatemasters.com/wp-content/uploads/thememakers/cardealer/2/178/thumb/537799d16e7c2.jpg]
[cardealer.webtemplatemasters.com/author/demo/feed/indexf18c.html]
[cardealer.webtemplatemasters.com/car/bmw-i8-2013/index.html]
[cardealer.webtemplatemasters.com/car/bugatti-veyron-2013-2/index.html]
[cardealer.webtemplatemasters.com/car/lexus-lfa-2014/index.html]
[cardealer.webtemplatemasters.com/car/lamborghini-aventador-2012/index.html]
[cardealer.webtemplatemasters.com/car/audi-quattro-2012/index.html]
[cardealer.webtemplatemasters.com/car/ford-vignale-2013/index.html]
[cardealer.webtemplatemasters.com/car/mazda-3-2003/index.html]
[cardealer.webtemplatemasters.com/car/honda-nsx-2013/index.html]
[cardealer.webtemplatemasters.com/car/bmw-6-series-2012/index.html]
[cardealer.webtemplatemasters.com/car/honda-civic-2013/index.html]
[cardealer.webtemplatemasters.com/car/honda-cr-2014/index.html]
[cardealer.webtemplatemasters.com/car/lexus-is-2012/index.html]
[cardealer.webtemplatemasters.com/gm-starts-shipping-parts-to-fix-defective-small-car-ignition-systems/index.html]
[cardealer.webtemplatemasters.com/2015/04/index.html]
[cardealer.webtemplatemasters.com/union-says-striking-toyota-india-workers-to-return-to-jobs-tuesday/index.html]
[cardealer.webtemplatemasters.com/car-buying-intentions-robust-global-survey-shows/index.html]
[cardealer.webtemplatemasters.com/car/bmw-1-series-2013/index.html]
[cardealer.webtemplatemasters.com/car/mazda-6-2012/index.html]
[cardealer.webtemplatemasters.com/car/mazda-2-2004/index.html]
[cardealer.webtemplatemasters.com/dealer-page/dealer_id/1/index.html]
[10.150.35.18_80/cardealer.webtemplatemasters.com/wp-content/themes/cardealer/images/arrow-dark.svg]
[10.150.35.18_80/cardealer.webtemplatemasters.com/wp-content/themes/cardealer/images/arrow-light.svg]
[10.150.35.18_80/cardealer.webtemplatemasters.com/wp-content/themes/cardealer/fonts/fontello690a-2.html]
[10.150.35.18_80/cardealer.webtemplatemasters.com/wp-content/themes/cardealer/fonts/fontello690a.svg]
[10.150.35.18_80/cardealer.webtemplatemasters.com/wp-content/themes/cardealer/woocommerce/assets/fonts/star.svg]
[10.150.35.18_80/cardealer.webtemplatemasters.com/wp-content/themes/cardealer/woocommerce/assets/fonts/WooCommerce.svg]
[10.150.35.18_80/cardealer.webtemplatemasters.com/wp-content/themes/cardealer/woocommerce/assets/images/icons/loader.svg]
[cardealer.webtemplatemasters.com/index9469.html]
[10.150.35.18_80/cardealer.webtemplatemasters.com/wp-content/plugins/woocommerce/assets/css/select26b00.css]
[cardealer.webtemplatemasters.com/index7c89.html]
[cardealer.webtemplatemasters.com/index5e02.html]
[cardealer.webtemplatemasters.com/tesla-eyes-rapid-chinese-ev-charging-infrastructure-ramp-up/index.html]
[cardealer.webtemplatemasters.com/smart-corvette-interior-no-longer-second-fiddle/index.html]
[cardealer.webtemplatemasters.com/mitsubishi-hoping-thai-recovery-builds-on-record-profit/index.html]
[cardealer.webtemplatemasters.com/coming-product-volley-to-see-scion-sticking-to-its-guns/index.html]
[cardealer.webtemplatemasters.com/jeep-cherokee-celebrates-great-indoors/index.html]
[cardealer.webtemplatemasters.com/car/skoda-fabia-2003/index.html]
[cardealer.webtemplatemasters.com/car/mini-clubman-2007/index.html]
[cardealer.webtemplatemasters.com/car/mini-cooper-clubman-2013/index.html]
[cardealer.webtemplatemasters.com/car/bmw-x5-m-2012/index.html]
[cardealer.webtemplatemasters.com/car/chevrolet-camaro-2013/index.html]
[cardealer.webtemplatemasters.com/carproducer/audi/index.html]
[cardealer.webtemplatemasters.com/carproducer/bmw/index.html]
[cardealer.webtemplatemasters.com/carproducer/ferrari/index.html]
[cardealer.webtemplatemasters.com/carproducer/honda/index.html]
[cardealer.webtemplatemasters.com/carproducer/mercedes-benz/index.html]
[cardealer.webtemplatemasters.com/carproducer/peugeot/index.html]
[cardealer.webtemplatemasters.com/carproducer/volvo/index.html]
[cardealer.webtemplatemasters.com/index0ae0.html]
[cardealer.webtemplatemasters.com/indexf034.html]
[cardealer.webtemplatemasters.com/carproducer/bugatti/index.html]
[cardealer.webtemplatemasters.com/carproducer/cadillac/index.html]
[cardealer.webtemplatemasters.com/carproducer/chevrolet/index.html]
[cardealer.webtemplatemasters.com/carproducer/ford/index.html]
[cardealer.webtemplatemasters.com/carproducer/lamborghini/index.html]
[cardealer.webtemplatemasters.com/carproducer/lexus/index.html]
[cardealer.webtemplatemasters.com/carproducer/mazda/index.html]
[cardealer.webtemplatemasters.com/carproducer/mini-2/index.html]
[cardealer.webtemplatemasters.com/carproducer/skoda/index.html]
[cardealer.webtemplatemasters.com/indexca55.html]
[cardealer.webtemplatemasters.com/index42dc.html]
[cardealer.webtemplatemasters.com/inventory/page/2/index.html]
[cardealer.webtemplatemasters.com/inventory/page/3/index.html]
[cardealer.webtemplatemasters.com/indexc725.html]
[cardealer.webtemplatemasters.com/index39c5.html]
[cardealer.webtemplatemasters.com/index1557.html]
[cardealer.webtemplatemasters.com/carproducer/acura/index.html]
[cardealer.webtemplatemasters.com/carproducer/alfa-romeo/index.html]
[cardealer.webtemplatemasters.com/carproducer/aptera/index.html]
[cardealer.webtemplatemasters.com/carproducer/aston-martin/index.html]
[cardealer.webtemplatemasters.com/carproducer/bentley/index.html]
[cardealer.webtemplatemasters.com/carproducer/buick/index.html]
[cardealer.webtemplatemasters.com/carproducer/chery/index.html]
[cardealer.webtemplatemasters.com/carproducer/chrysler/index.html]
[cardealer.webtemplatemasters.com/carproducer/citroen/index.html]
[cardealer.webtemplatemasters.com/carproducer/dacia/index.html]
[cardealer.webtemplatemasters.com/carproducer/daewoo/index.html]
[cardealer.webtemplatemasters.com/carproducer/daihatsu/index.html]
[cardealer.webtemplatemasters.com/carproducer/dodge/index.html]
[cardealer.webtemplatemasters.com/carproducer/eagle/index.html]
[cardealer.webtemplatemasters.com/carproducer/fairthorpe/index.html]
[cardealer.webtemplatemasters.com/carproducer/fiat/index.html]
[cardealer.webtemplatemasters.com/carproducer/geo/index.html]
[cardealer.webtemplatemasters.com/carproducer/gmc/index.html]
[cardealer.webtemplatemasters.com/carproducer/hillman/index.html]
[cardealer.webtemplatemasters.com/carproducer/holden/index.html]
[cardealer.webtemplatemasters.com/carproducer/hummer/index.html]
[cardealer.webtemplatemasters.com/carproducer/hyundai/index.html]
[cardealer.webtemplatemasters.com/carproducer/infiniti/index.html]
[cardealer.webtemplatemasters.com/carproducer/isuzu/index.html]
[cardealer.webtemplatemasters.com/carproducer/iveco/index.html]
[cardealer.webtemplatemasters.com/carproducer/jaguar/index.html]
[cardealer.webtemplatemasters.com/carproducer/jeep-2/index.html]
[cardealer.webtemplatemasters.com/carproducer/jensen/index.html]
[cardealer.webtemplatemasters.com/carproducer/kamaz/index.html]
[cardealer.webtemplatemasters.com/carproducer/kia/index.html]
[cardealer.webtemplatemasters.com/carproducer/lada/index.html]
[cardealer.webtemplatemasters.com/carproducer/land-rover/index.html]
[cardealer.webtemplatemasters.com/carproducer/lincoln-2/index.html]
[cardealer.webtemplatemasters.com/carproducer/lotus/index.html]
[cardealer.webtemplatemasters.com/carproducer/maserati/index.html]
[cardealer.webtemplatemasters.com/carproducer/maybach/index.html]
[cardealer.webtemplatemasters.com/carproducer/mclaren/index.html]
[cardealer.webtemplatemasters.com/carproducer/mercury/index.html]
[cardealer.webtemplatemasters.com/carproducer/mg/index.html]
[cardealer.webtemplatemasters.com/carproducer/mitsubishi-2/index.html]
[cardealer.webtemplatemasters.com/carproducer/morgan/index.html]
[cardealer.webtemplatemasters.com/carproducer/nissan/index.html]
[cardealer.webtemplatemasters.com/carproducer/oldsmobile/index.html]
[cardealer.webtemplatemasters.com/carproducer/opel/index.html]
[cardealer.webtemplatemasters.com/carproducer/plymouth/index.html]
[cardealer.webtemplatemasters.com/carproducer/pontiac/index.html]
[cardealer.webtemplatemasters.com/carproducer/porsche/index.html]
[cardealer.webtemplatemasters.com/carproducer/ram-2/index.html]
[cardealer.webtemplatemasters.com/carproducer/renault/index.html]
[cardealer.webtemplatemasters.com/carproducer/rolls-royce/index.html]
[cardealer.webtemplatemasters.com/carproducer/rover/index.html]
[cardealer.webtemplatemasters.com/carproducer/saab/index.html]
[cardealer.webtemplatemasters.com/carproducer/saturn/index.html]
[cardealer.webtemplatemasters.com/carproducer/scion/index.html]
[cardealer.webtemplatemasters.com/carproducer/seat/index.html]
[cardealer.webtemplatemasters.com/carproducer/shelby/index.html]
[cardealer.webtemplatemasters.com/carproducer/smart-2/index.html]
[cardealer.webtemplatemasters.com/carproducer/spyker/index.html]
[cardealer.webtemplatemasters.com/carproducer/studebaker/index.html]
[cardealer.webtemplatemasters.com/carproducer/subaru/index.html]
[cardealer.webtemplatemasters.com/carproducer/suzuki/index.html]
[cardealer.webtemplatemasters.com/carproducer/tesla-2/index.html]
[cardealer.webtemplatemasters.com/carproducer/toyota-3/index.html]
[cardealer.webtemplatemasters.com/shop/indexcc6d.html]
[cardealer.webtemplatemasters.com/product/aluminium-rim/index.html]
[cardealer.webtemplatemasters.com/shop/index8163.html]
[cardealer.webtemplatemasters.com/product/car-audio/index.html]
[cardealer.webtemplatemasters.com/shop/index63d4.html]
[cardealer.webtemplatemasters.com/product/car-engine/index.html]
[cardealer.webtemplatemasters.com/shop/index763c.html]
[cardealer.webtemplatemasters.com/product/car-tyres/index.html]
[cardealer.webtemplatemasters.com/shop/indexa249.html]
[cardealer.webtemplatemasters.com/product/chrome-double-pipe/index.html]
[cardealer.webtemplatemasters.com/shop/indexe6a1.html]
[cardealer.webtemplatemasters.com/product/luxury-audio-system/index.html]
[cardealer.webtemplatemasters.com/shop/indexdf06.html]
[cardealer.webtemplatemasters.com/product/steering-wheel/index.html]
[cardealer.webtemplatemasters.com/shop/indexb841.html]
[cardealer.webtemplatemasters.com/product/wheel-rim/index.html]
[cardealer.webtemplatemasters.com/shop/index2869.html]
[cardealer.webtemplatemasters.com/product-category/accessories/index.html]
[cardealer.webtemplatemasters.com/product-category/audio/index.html]
[cardealer.webtemplatemasters.com/product-category/engines/index.html]
[cardealer.webtemplatemasters.com/product-category/rims/index.html]
[cardealer.webtemplatemasters.com/product-category/tuning/index.html]
[cardealer.webtemplatemasters.com/product-category/tyres/index.html]
[cardealer.webtemplatemasters.com/product-category/uncategorized/index.html]
[cardealer.webtemplatemasters.com/product-category/wheels/index.html]
[cardealer.webtemplatemasters.com/product-tag/accessories/index.html]
[cardealer.webtemplatemasters.com/product-tag/alloy-wheel/index.html]
[cardealer.webtemplatemasters.com/product-tag/audio/index.html]
[cardealer.webtemplatemasters.com/product-tag/bass/index.html]
[cardealer.webtemplatemasters.com/product-tag/electronics/index.html]
[cardealer.webtemplatemasters.com/product-tag/engine/index.html]
[cardealer.webtemplatemasters.com/product-tag/pipe/index.html]
[cardealer.webtemplatemasters.com/product-tag/rim/index.html]
[cardealer.webtemplatemasters.com/product-tag/rubber/index.html]
[cardealer.webtemplatemasters.com/product-tag/stereo/index.html]
[cardealer.webtemplatemasters.com/product-tag/tuning/index.html]
[cardealer.webtemplatemasters.com/product-tag/tyre/index.html]
[cardealer.webtemplatemasters.com/product-tag/wheel/index.html]
[cardealer.webtemplatemasters.com/index0e62.html]
[cardealer.webtemplatemasters.com/car/bmw-330-2013/index.html]
[cardealer.webtemplatemasters.com/car/bmw-m-2013/index.html]
[cardealer.webtemplatemasters.com/index17d5.html]
[cardealer.webtemplatemasters.com/car/mini-countryman-2005/index.html]
[cardealer.webtemplatemasters.com/wp-login39ca.html]
[10.150.35.18_80/cardealer.webtemplatemasters.com/wp-content/themes/cardealer/fonts/fontello690a.html]
[10.150.35.18_80/cardealer.webtemplatemasters.com/wp-content/themes/cardealer/woocommerce/assets/fonts/stard41d.html]
[10.150.35.18_80/cardealer.webtemplatemasters.com/wp-content/themes/cardealer/woocommerce/assets/fonts/WooCommerced41d.html]
[cardealer.webtemplatemasters.com/carproducer/vauxhall/index.html]
[cardealer.webtemplatemasters.com/carproducer/volkswagen/index.html]
[cardealer.webtemplatemasters.com/wp-content/plugins/tmm_content_composer/images/car_makes_logos/volkswagen.html]
[cardealer.webtemplatemasters.com/inventory/index514c.html]
[cardealer.webtemplatemasters.com/inventory/index11f6.html]
[cardealer.webtemplatemasters.com/inventory/index5bfc.html]
[cardealer.webtemplatemasters.com/inventory/indexecbd.html]
[cardealer.webtemplatemasters.com/inventory/index7ca7.html]
[cardealer.webtemplatemasters.com/inventory/index8c73.html]
[cardealer.webtemplatemasters.com/inventory/index30b4.html]
[cardealer.webtemplatemasters.com/inventory/index1585.html]
[cardealer.webtemplatemasters.com/inventory/indexabd1.html]
[cardealer.webtemplatemasters.com/inventory/index0f2b.html]
[cardealer.webtemplatemasters.com/inventory/indexdd54.html]
[cardealer.webtemplatemasters.com/inventory/indexcfc9.html]
[cardealer.webtemplatemasters.com/inventory/index2c70.html]
[cardealer.webtemplatemasters.com/inventory/index75ee.html]
[cardealer.webtemplatemasters.com/inventory/index4d7b.html]
[cardealer.webtemplatemasters.com/inventory/index5759.html]
[cardealer.webtemplatemasters.com/inventory/index0dc5.html]
[cardealer.webtemplatemasters.com/inventory/index255c.html]
[cardealer.webtemplatemasters.com/inventory/index08c2.html]
[cardealer.webtemplatemasters.com/inventory/index6d00.html]
[cardealer.webtemplatemasters.com/inventory/index854b.html]
[cardealer.webtemplatemasters.com/inventory/index6c93.html]
[cardealer.webtemplatemasters.com/inventory/index15fb.html]
[cardealer.webtemplatemasters.com/inventory/index0437.html]
[cardealer.webtemplatemasters.com/inventory/indexd191.html]
[cardealer.webtemplatemasters.com/inventory/indexda21.html]
[cardealer.webtemplatemasters.com/inventory/index6ee6.html]
[cardealer.webtemplatemasters.com/inventory/index4d4b.html]
[cardealer.webtemplatemasters.com/inventory/index2641.html]
[cardealer.webtemplatemasters.com/inventory/index18d5.html]
[cardealer.webtemplatemasters.com/wp-content/uploads/thememakers/cardealer/2/431/single_thumb_widget/545843e171597.html]
[cardealer.webtemplatemasters.com/wp-content/uploads/thememakers/cardealer/2/184/single_thumb_widget/54584487e30d2.html]
[cardealer.webtemplatemasters.com/wp-content/uploads/thememakers/cardealer/2/169/single_thumb_widget/5458459953eec.html]
[cardealer.webtemplatemasters.com/indexf689.html]
[cardealer.webtemplatemasters.com/wp-json/oembed/1.0/embed4563.html]
[cardealer.webtemplatemasters.com/wp-json/oembed/1.0/embed2079.html]
[cardealer.webtemplatemasters.com/wp-content/plugins/tmm_content_composer/images/car_makes_logos/acura.html]
[cardealer.webtemplatemasters.com/wp-content/plugins/tmm_content_composer/images/car_makes_logos/alfa_romeo.html]
[cardealer.webtemplatemasters.com/wp-content/plugins/tmm_content_composer/images/car_makes_logos/aptera.html]
[cardealer.webtemplatemasters.com/wp-content/plugins/tmm_content_composer/images/car_makes_logos/bentley.html]
[cardealer.webtemplatemasters.com/wp-content/plugins/tmm_content_composer/images/car_makes_logos/buick.html]
[cardealer.webtemplatemasters.com/wp-content/plugins/tmm_content_composer/images/car_makes_logos/citroen.html]
[cardealer.webtemplatemasters.com/wp-content/plugins/tmm_content_composer/images/car_makes_logos/dacia.html]
[cardealer.webtemplatemasters.com/wp-content/plugins/tmm_content_composer/images/car_makes_logos/daewoo.html]
[cardealer.webtemplatemasters.com/wp-content/plugins/tmm_content_composer/images/car_makes_logos/daihatsu.html]
[cardealer.webtemplatemasters.com/wp-content/plugins/tmm_content_composer/images/car_makes_logos/dodge.html]
[cardealer.webtemplatemasters.com/wp-content/plugins/tmm_content_composer/images/car_makes_logos/eagle.html]
[cardealer.webtemplatemasters.com/wp-content/plugins/tmm_content_composer/images/car_makes_logos/fairthorpe.html]
[cardealer.webtemplatemasters.com/wp-content/plugins/tmm_content_composer/images/car_makes_logos/ford.html]
[cardealer.webtemplatemasters.com/wp-content/plugins/tmm_content_composer/images/car_makes_logos/holden.html]
[cardealer.webtemplatemasters.com/wp-content/plugins/tmm_content_composer/images/car_makes_logos/honda.html]
[cardealer.webtemplatemasters.com/wp-content/plugins/tmm_content_composer/images/car_makes_logos/hummer.html]
[cardealer.webtemplatemasters.com/wp-content/plugins/tmm_content_composer/images/car_makes_logos/infiniti.html]
[cardealer.webtemplatemasters.com/wp-content/plugins/tmm_content_composer/images/car_makes_logos/isuzu.html]
[cardealer.webtemplatemasters.com/wp-content/plugins/tmm_content_composer/images/car_makes_logos/iveco.html]
[cardealer.webtemplatemasters.com/wp-content/plugins/tmm_content_composer/images/car_makes_logos/jaguar.html]
[cardealer.webtemplatemasters.com/wp-content/plugins/tmm_content_composer/images/car_makes_logos/kamaz.html]
[cardealer.webtemplatemasters.com/wp-content/plugins/tmm_content_composer/images/car_makes_logos/kia.html]
[cardealer.webtemplatemasters.com/wp-content/plugins/tmm_content_composer/images/car_makes_logos/lamborghini.html]
[cardealer.webtemplatemasters.com/wp-content/plugins/tmm_content_composer/images/car_makes_logos/lotus.html]
[cardealer.webtemplatemasters.com/wp-content/plugins/tmm_content_composer/images/car_makes_logos/maserati.html]
[cardealer.webtemplatemasters.com/wp-content/plugins/tmm_content_composer/images/car_makes_logos/maybach.html]
[cardealer.webtemplatemasters.com/wp-content/plugins/tmm_content_composer/images/car_makes_logos/mclaren.html]
[cardealer.webtemplatemasters.com/wp-content/plugins/tmm_content_composer/images/car_makes_logos/mg.html]
[cardealer.webtemplatemasters.com/wp-content/plugins/tmm_content_composer/images/car_makes_logos/mini.html]
[cardealer.webtemplatemasters.com/wp-content/plugins/tmm_content_composer/images/car_makes_logos/morgan.html]
[cardealer.webtemplatemasters.com/wp-content/plugins/tmm_content_composer/images/car_makes_logos/oldsmobile.html]
[cardealer.webtemplatemasters.com/wp-content/plugins/tmm_content_composer/images/car_makes_logos/opel.html]
[cardealer.webtemplatemasters.com/wp-content/plugins/tmm_content_composer/images/car_makes_logos/peugeot.html]
[cardealer.webtemplatemasters.com/wp-content/plugins/tmm_content_composer/images/car_makes_logos/plymouth.html]
[cardealer.webtemplatemasters.com/wp-content/plugins/tmm_content_composer/images/car_makes_logos/pontiac.html]
[cardealer.webtemplatemasters.com/wp-content/plugins/tmm_content_composer/images/car_makes_logos/ram.html]
[cardealer.webtemplatemasters.com/wp-content/plugins/tmm_content_composer/images/car_makes_logos/renault.html]
[cardealer.webtemplatemasters.com/wp-content/plugins/tmm_content_composer/images/car_makes_logos/rolls-royce.html]
[cardealer.webtemplatemasters.com/wp-content/plugins/tmm_content_composer/images/car_makes_logos/rover.html]
[cardealer.webtemplatemasters.com/wp-content/plugins/tmm_content_composer/images/car_makes_logos/saab.html]
[cardealer.webtemplatemasters.com/wp-content/plugins/tmm_content_composer/images/car_makes_logos/saturn.html]
[cardealer.webtemplatemasters.com/wp-content/plugins/tmm_content_composer/images/car_makes_logos/scion.html]
[cardealer.webtemplatemasters.com/wp-content/plugins/tmm_content_composer/images/car_makes_logos/seat.html]
[cardealer.webtemplatemasters.com/wp-content/plugins/tmm_content_composer/images/car_makes_logos/shelby.html]
[cardealer.webtemplatemasters.com/wp-content/plugins/tmm_content_composer/images/car_makes_logos/spyker.html]
[cardealer.webtemplatemasters.com/wp-content/plugins/tmm_content_composer/images/car_makes_logos/subaru.html]
[cardealer.webtemplatemasters.com/wp-content/plugins/tmm_content_composer/images/car_makes_logos/suzuki.html]
[cardealer.webtemplatemasters.com/wp-content/plugins/tmm_content_composer/images/car_makes_logos/tesla.html]
[cardealer.webtemplatemasters.com/wp-content/plugins/tmm_content_composer/images/car_makes_logos/toyota.html]
[cardealer.webtemplatemasters.com/wp-content/plugins/tmm_content_composer/images/car_makes_logos/vauxhall.html]
[cardealer.webtemplatemasters.com/inventory/index8d03.html]
[cardealer.webtemplatemasters.com/wp-content/themes/cardealer/extensions/cardealer/images/car_body_icons/sport.html]
[cardealer.webtemplatemasters.com/inventory/indexd65c.html]
[cardealer.webtemplatemasters.com/wp-content/themes/cardealer/extensions/cardealer/images/car_body_icons/sedan.html]
[cardealer.webtemplatemasters.com/inventory/index2dcd.html]
[cardealer.webtemplatemasters.com/wp-content/themes/cardealer/extensions/cardealer/images/car_body_icons/hatchback.html]
[cardealer.webtemplatemasters.com/inventory/index9042.html]
[cardealer.webtemplatemasters.com/wp-content/themes/cardealer/extensions/cardealer/images/car_body_icons/wagon.html]
[cardealer.webtemplatemasters.com/inventory/indexf227.html]
[cardealer.webtemplatemasters.com/wp-content/themes/cardealer/extensions/cardealer/images/car_body_icons/suv.html]
[cardealer.webtemplatemasters.com/inventory/index5450.html]
[cardealer.webtemplatemasters.com/wp-content/themes/cardealer/extensions/cardealer/images/car_body_icons/minivan.html]
[cardealer.webtemplatemasters.com/inventory/index8f90.html]
[cardealer.webtemplatemasters.com/wp-content/themes/cardealer/extensions/cardealer/images/car_body_icons/coupe.html]
[cardealer.webtemplatemasters.com/inventory/index1de1.html]
[cardealer.webtemplatemasters.com/wp-content/themes/cardealer/extensions/cardealer/images/car_body_icons/convertible.html]
[cardealer.webtemplatemasters.com/inventory/index0a64.html]
[cardealer.webtemplatemasters.com/wp-content/themes/cardealer/extensions/cardealer/images/car_body_icons/pickup_truck.html]
[cardealer.webtemplatemasters.com/inventory/indexec6f.html]
[cardealer.webtemplatemasters.com/wp-content/themes/cardealer/extensions/cardealer/images/car_body_icons/full_size_van.html]
[cardealer.webtemplatemasters.com/blog/feed/index.html]
[cardealer.webtemplatemasters.com/index2df4.html]
[cardealer.webtemplatemasters.com/wp-json/oembed/1.0/embed9994.html]
[cardealer.webtemplatemasters.com/wp-json/oembed/1.0/embedacaa.html]
[cardealer.webtemplatemasters.com/blog/page/2/index.html]
[cardealer.webtemplatemasters.com/wp-content/uploads/2014/10/banner_125x125.html]
[cardealer.webtemplatemasters.com/category/automakers-and-suppliers/index.html]
[cardealer.webtemplatemasters.com/category/final-assembly/index.html]
[cardealer.webtemplatemasters.com/category/global-news/index.html]
[cardealer.webtemplatemasters.com/category/vehicle-design/index.html]
[cardealer.webtemplatemasters.com/category/vehicle-technology/index.html]
[cardealer.webtemplatemasters.com/category/western-europe/index.html]
[cardealer.webtemplatemasters.com/wp-content/uploads/thememakers/cardealer/2/154/single_thumb_widget/53663bcca8f67.html]
[cardealer.webtemplatemasters.com/wp-content/uploads/thememakers/cardealer/2/179/single_thumb_widget/54584bd1a08aa.html]
[cardealer.webtemplatemasters.com/blog-alternate/feed/index.html]
[cardealer.webtemplatemasters.com/index64b4.html]
[cardealer.webtemplatemasters.com/wp-json/oembed/1.0/embedf96c.html]
[cardealer.webtemplatemasters.com/wp-json/oembed/1.0/embed8b4d.html]
[cardealer.webtemplatemasters.com/blog-alternate/page/2/index.html]
[cardealer.webtemplatemasters.com/wp-content/uploads/2014/04/09-840x500.html]
[cardealer.webtemplatemasters.com/lincoln-mkx-concept-bows-in-beijing/feed/index.html]
[cardealer.webtemplatemasters.com/index8e15.html]
[cardealer.webtemplatemasters.com/wp-json/oembed/1.0/embed78c4.html]
[cardealer.webtemplatemasters.com/wp-json/oembed/1.0/embed77d1.html]
[cardealer.webtemplatemasters.com/tag/concept/index.html]
[cardealer.webtemplatemasters.com/tag/lincoln/index.html]
[cardealer.webtemplatemasters.com/wp-content/uploads/2014/04/08-840x500.html]
[cardealer.webtemplatemasters.com/wp-content/uploads/2014/04/10-840x500.html]
[cardealer.webtemplatemasters.com/wp-content/uploads/2014/04/13-840x500.html]
[cardealer.webtemplatemasters.com/wp-loginbb05.html]
[s7.addthis.com/js/250/addthis_widget37cb.js]
[cardealer.webtemplatemasters.com/wp-includes/js/comment-reply.min37cb.html]
[cardealer.webtemplatemasters.com/column-layout/feed/index.html]
[cardealer.webtemplatemasters.com/index5643.html]
[cardealer.webtemplatemasters.com/wp-json/oembed/1.0/embed18ec.html]
[cardealer.webtemplatemasters.com/wp-json/oembed/1.0/embed936e.html]
[cardealer.webtemplatemasters.com/index60e8.html]
[cardealer.webtemplatemasters.com/wp-json/oembed/1.0/embed1e04.html]
[cardealer.webtemplatemasters.com/wp-json/oembed/1.0/embed955e.html]
[cardealer.webtemplatemasters.com/compare-listing/feed/index.html]
[cardealer.webtemplatemasters.com/index0735.html]
[cardealer.webtemplatemasters.com/wp-json/oembed/1.0/embedea0f.html]
[cardealer.webtemplatemasters.com/wp-json/oembed/1.0/embed885b.html]
[cardealer.webtemplatemasters.com/wp-content/themes/cardealer/js/jquery.carouFredSel-6.2.1.min37cb.html]
[cardealer.webtemplatemasters.com/dealer-page/index.html]
[cardealer.webtemplatemasters.com/dealer-page/feed/index.html]
[cardealer.webtemplatemasters.com/index5721.html]
[cardealer.webtemplatemasters.com/wp-json/oembed/1.0/embedc23c.html]
[cardealer.webtemplatemasters.com/wp-json/oembed/1.0/embed36ad.html]
[cardealer.webtemplatemasters.com/wp-content/uploads/thememakers/cardealer/2/logo/logo.html]
[cardealer.webtemplatemasters.com/dealer-page/dealer_id/2/page/2/index.html]
[cardealer.webtemplatemasters.com/dealer-page/dealer_id/2/page/3/index.html]
[cardealer.webtemplatemasters.com/dealer-page/dealer_id/2/page/4/index.html]
[cardealer.webtemplatemasters.com/dealer-page/dealer_id/2/page/5/index.html]
[cardealer.webtemplatemasters.com/dealer-page/dealer_id/2/page/6/index.html]
[connect.facebook.net/en_US/sdk.js]
[cardealer.webtemplatemasters.com/faq-toggle/feed/index.html]
[cardealer.webtemplatemasters.com/index3c55.html]
[cardealer.webtemplatemasters.com/wp-json/oembed/1.0/embeddde7.html]
[cardealer.webtemplatemasters.com/wp-json/oembed/1.0/embed8ec3.html]
[cardealer.webtemplatemasters.com/images-and-floats/feed/index.html]
[cardealer.webtemplatemasters.com/index0345.html]
[cardealer.webtemplatemasters.com/wp-json/oembed/1.0/embedc9db.html]
[cardealer.webtemplatemasters.com/wp-json/oembed/1.0/embedd406.html]
[cardealer.webtemplatemasters.com/wp-content/uploads/2014/04/08-300x183.html]
[cardealer.webtemplatemasters.com/wp-content/uploads/2014/04/02-300x183.html]
[cardealer.webtemplatemasters.com/wp-content/uploads/2014/04/05.html]
[cardealer.webtemplatemasters.com/sales-reps/feed/index.html]
[cardealer.webtemplatemasters.com/index678b.html]
[cardealer.webtemplatemasters.com/wp-json/oembed/1.0/embed281f.html]
[cardealer.webtemplatemasters.com/wp-json/oembed/1.0/embed4e1e.html]
[cardealer.webtemplatemasters.com/wp-content/uploads/2014/04/jack-280x280.html]
[cardealer.webtemplatemasters.com/wp-content/uploads/2014/04/lisa-280x280.html]
[cardealer.webtemplatemasters.com/wp-content/uploads/2014/04/mike-280x280.html]
[cardealer.webtemplatemasters.com/personal-profile/feed/index.html]
[cardealer.webtemplatemasters.com/index1e7e.html]
[cardealer.webtemplatemasters.com/wp-json/oembed/1.0/embed48d2.html]
[cardealer.webtemplatemasters.com/wp-json/oembed/1.0/embedc25e.html]
[cardealer.webtemplatemasters.com/wp-content/uploads/2015/07/user-profile.html]
[cardealer.webtemplatemasters.com/dealers-cars-garage/feed/index.html]
[cardealer.webtemplatemasters.com/index27cd.html]
[cardealer.webtemplatemasters.com/wp-json/oembed/1.0/embed7475.html]
[cardealer.webtemplatemasters.com/wp-json/oembed/1.0/embed3df8.html]
[cardealer.webtemplatemasters.com/wp-content/uploads/2015/07/user-cars1.html]
[cardealer.webtemplatemasters.com/edit-car/feed/index.html]
[cardealer.webtemplatemasters.com/index7414.html]
[cardealer.webtemplatemasters.com/wp-json/oembed/1.0/embed370d.html]
[cardealer.webtemplatemasters.com/wp-json/oembed/1.0/embedd74d.html]
[cardealer.webtemplatemasters.com/wp-content/uploads/2015/07/edit-car.html]
[cardealer.webtemplatemasters.com/watch-list-page/feed/index.html]
[cardealer.webtemplatemasters.com/indexc9d1.html]
[cardealer.webtemplatemasters.com/wp-json/oembed/1.0/embed3e88.html]
[cardealer.webtemplatemasters.com/wp-json/oembed/1.0/embed02e2.html]
[cardealer.webtemplatemasters.com/user-login/indexfe3b.html]
[cardealer.webtemplatemasters.com/pricing-plans-screen/feed/index.html]
[cardealer.webtemplatemasters.com/index8631.html]
[cardealer.webtemplatemasters.com/wp-json/oembed/1.0/embed6a67.html]
[cardealer.webtemplatemasters.com/wp-json/oembed/1.0/embed47ce.html]
[cardealer.webtemplatemasters.com/wp-content/uploads/2015/07/pricing-plans.html]
[cardealer.webtemplatemasters.com/typography/feed/index.html]
[cardealer.webtemplatemasters.com/index88b9.html]
[cardealer.webtemplatemasters.com/wp-json/oembed/1.0/embedd991.html]
[cardealer.webtemplatemasters.com/wp-json/oembed/1.0/embed731e.html]
[cardealer.webtemplatemasters.com/wp-content/uploads/2014/04/04-300x183.html]
[cardealer.webtemplatemasters.com/wp-content/uploads/2014/04/05-300x183.html]
[cardealer.webtemplatemasters.com/indexf9b5.html]
[cardealer.webtemplatemasters.com/wp-json/oembed/1.0/embeda869.html]
[cardealer.webtemplatemasters.com/wp-json/oembed/1.0/embedf116.html]
[cardealer.webtemplatemasters.com/user-login/indexa9f2.html]
[cardealer.webtemplatemasters.com/submit-ad/feed/index.html]
[cardealer.webtemplatemasters.com/indexb3e1.html]
[cardealer.webtemplatemasters.com/wp-json/oembed/1.0/embed4c64.html]
[cardealer.webtemplatemasters.com/wp-json/oembed/1.0/embed72a4.html]
[cardealer.webtemplatemasters.com/wp-content/uploads/2015/07/add-new-car-01.html]
[cardealer.webtemplatemasters.com/submit-ad-step2/feed/index.html]
[cardealer.webtemplatemasters.com/index778b.html]
[cardealer.webtemplatemasters.com/wp-json/oembed/1.0/embed737c.html]
[cardealer.webtemplatemasters.com/wp-json/oembed/1.0/embed567e.html]
[cardealer.webtemplatemasters.com/wp-content/uploads/2015/07/add-new-car-02.html]
[cardealer.webtemplatemasters.com/submit-ad-step3/feed/index.html]
[cardealer.webtemplatemasters.com/indexca96.html]
[cardealer.webtemplatemasters.com/wp-json/oembed/1.0/embedc8f5.html]
[cardealer.webtemplatemasters.com/wp-json/oembed/1.0/embed11dc.html]
[cardealer.webtemplatemasters.com/wp-content/uploads/2015/07/add-new-car-03.html]
[cardealer.webtemplatemasters.com/submit-ad-step4/feed/index.html]
[cardealer.webtemplatemasters.com/index7255.html]
[cardealer.webtemplatemasters.com/wp-json/oembed/1.0/embed8d99.html]
[cardealer.webtemplatemasters.com/wp-json/oembed/1.0/embedd082.html]
[cardealer.webtemplatemasters.com/wp-content/uploads/2015/07/add-new-car-04.html]
[cardealer.webtemplatemasters.com/product/alloy-wheel-isolated/index.html]
[cardealer.webtemplatemasters.com/shop/feed/index.html]
[cardealer.webtemplatemasters.com/wp-content/uploads/2015/09/front-side-view-of-alloy-wheel-isolated-258x163.html]
[cardealer.webtemplatemasters.com/wp-content/uploads/2015/09/aluminium-rim-258x163.html]
[cardealer.webtemplatemasters.com/wp-content/uploads/2015/09/car-audio-258x163.html]
[cardealer.webtemplatemasters.com/wp-content/uploads/2015/09/front-of-car-engine-258x163.html]
[cardealer.webtemplatemasters.com/wp-content/uploads/2015/09/car-tires-in-a-row-258x163.html]
